// Jest Snapshot v1, https://goo.gl/fbAQLP

exports[`App can render correctly 1`] = `
<div
  className="StyledGrommet-sc-19lkkz7-0 bELdlv"
>
  <div
    className="StyledBox-sc-13pk1d4-0 cpUkfU"
  >
    <header
      className="StyledBox-sc-13pk1d4-0 kDJoJx"
      style={
        Object {
          "position": "relative",
        }
      }
    >
      <button
        className="StyledButton-sc-323bzc-0 hMRUyI"
        onBlur={[Function]}
        onClick={[Function]}
        onFocus={[Function]}
        onMouseOut={[Function]}
        onMouseOver={[Function]}
        type="button"
      >
        <div
          className="StyledBox-sc-13pk1d4-0 dpozuV"
        >
          <img
            className="StyledImage-ey4zx9-0 jjepGE"
            height="110px"
            src="test-file-stub"
          />
          <h3
            className="StyledHeading-sc-1rdh4aw-0 gHStfv"
          >
            Pandemic Parlour
          </h3>
        </div>
      </button>
      <div
        className="StyledBox__StyledBoxGap-sc-13pk1d4-1 ffjnxm"
      />
      <nav
        className="StyledBox-sc-13pk1d4-0 jIfxqx"
      >
        <div
          className="StyledBox-sc-13pk1d4-0 bIdaiR"
        >
          <button
            className="StyledButton-sc-323bzc-0 gQBDdm"
            onBlur={[Function]}
            onClick={[Function]}
            onFocus={[Function]}
            onMouseOut={[Function]}
            onMouseOver={[Function]}
            type="button"
          >
            Sign Up
          </button>
          <div
            className="StyledBox__StyledBoxGap-sc-13pk1d4-1 ffjnxm"
          />
          <button
            className="StyledButton-sc-323bzc-0 gQBDdm"
            onBlur={[Function]}
            onClick={[Function]}
            onFocus={[Function]}
            onMouseOut={[Function]}
            onMouseOver={[Function]}
            type="button"
          >
            Login
          </button>
        </div>
      </nav>
    </header>
    <main
      className="StyledBox-sc-13pk1d4-0 kvXgc"
    >
      <h3
        className="StyledHeading-sc-1rdh4aw-0 gHStfv"
      >
        A Place for families and friends to stay connected
      </h3>
      <div
        className="StyledBox__StyledBoxGap-sc-13pk1d4-1 jtjTeE"
      />
      <h4
        className="StyledHeading-sc-1rdh4aw-0 cJdkwo"
      >
        Why Pandemic Parlour?
      </h4>
      <div
        className="StyledBox__StyledBoxGap-sc-13pk1d4-1 jtjTeE"
      />
      <p
        className="StyledParagraph-tbetod-0 gfTpGC"
      >
        I decided to build Pandemic Parlour for a couple reasons. I've always had a desire to create and build using technology while also providing something useful to others. When the COVID pandemic and quarantining began I noticed a few challenges with keeping connected with families and friends. What we needed was way to have the "inner parlour" for families and friends to congregate, especially for younger kids who don‘t sit still long enough for a video chat. Pandemic Parlour is a place to chat, play games and generally interact. It is designed to be kid safe, and ultimately a way to bridge the technology gap between family members of all ages.
      </p>
      <div
        className="StyledBox__StyledBoxGap-sc-13pk1d4-1 jtjTeE"
      />
      <h4
        className="StyledHeading-sc-1rdh4aw-0 cJdkwo"
      >
        What's a Parlour?
      </h4>
      <div
        className="StyledBox__StyledBoxGap-sc-13pk1d4-1 jtjTeE"
      />
      <p
        className="StyledParagraph-tbetod-0 gfTpGC"
      >
        A 
        <b>
          parlour
        </b>
         (or 
        <b>
          parlor
        </b>
        ) is a reception room or public space. In Medieval Christian Europe, the "outer parlour" was the room where the monks or nuns conducted business with those outside the monastery and the "inner parlour" was used for necessary conversation between resident members. In the English-speaking world of the 18th and 19th century, having a parlour room was evidence of social status.
      </p>
    </main>
    <footer
      className="StyledBox-sc-13pk1d4-0 ftYcBg"
    >
      <div
        className="StyledBox-sc-13pk1d4-0 bIdaiR"
      >
        <a
          className="StyledAnchor-sc-1rp7lwl-0 hHCiZt"
          href="/"
          onBlur={[Function]}
          onClick={[Function]}
          onFocus={[Function]}
        >
          <div
            className="StyledBox-sc-13pk1d4-0 iZrXsK"
          >
            <img
              className="StyledImage-ey4zx9-0 jBVMKL"
              src="test-file-stub"
            />
            <div
              className="StyledBox__StyledBoxGap-sc-13pk1d4-1 ffjnxm"
            />
            <span
              className="StyledText-sc-1sadyjn-0 laLPYD"
            >
              Home
            </span>
          </div>
        </a>
        <div
          className="StyledBox__StyledBoxGap-sc-13pk1d4-1 cxqgXz"
        />
        <div
          className="StyledBox-sc-13pk1d4-0 dIPrTC"
        >
          <a
            className="StyledAnchor-sc-1rp7lwl-0 hHCiZt"
            href="/privacy"
            onBlur={[Function]}
            onClick={[Function]}
            onFocus={[Function]}
          >
            <span
              className="StyledText-sc-1sadyjn-0 laLPYD"
            >
              Privacy
            </span>
          </a>
        </div>
      </div>
      <div
        className="StyledBox__StyledBoxGap-sc-13pk1d4-1 cxqgXz"
      />
      <span
        className="StyledText-sc-1sadyjn-0 btJJDp"
      >
        © 2020 Copyright Three Bees
      </span>
    </footer>
  </div>
</div>
`;
